
> build
> next build

   ▲ Next.js 14.1.0

   Creating an optimized production build ...
 ✓ Compiled successfully
   Linting and checking validity of types ...
   Collecting page data ...
   Generating static pages (0/4) ...
   Generating static pages (1/4) 
   Generating static pages (2/4) 
   Generating static pages (3/4) 
 ✓ Generating static pages (4/4) 
   Finalizing page optimization ...
   Collecting build traces ...

Route (app)                              Size     First Load JS
┌ ○ /                                    9.22 kB        93.5 kB
└ ○ /_not-found                          882 B          85.1 kB
+ First Load JS shared by all            84.2 kB
  ├ chunks/69-39a2a83a2af28ef6.js        28.9 kB
  ├ chunks/fd9d1056-28d8581e6e02654e.js  53.4 kB
  └ other shared chunks (total)          1.96 kB


○  (Static)  prerendered as static content

